---
source: tooling/nargo_cli/tests/execute.rs
expression: stderr
---
error: Comptime Evaluation Depth Overflow
   ┌─ src/main.nr:42:5
   │  
42 │ ╭     if ((*ctx_limit) == 0_u32) {
43 │ │         true
44 │ │     } else if func_1(b, ctx_limit) {
45 │ │         0 >= 0
46 │ │     } else {
47 │ │         false
48 │ │     }
   │ ╰─────' Exceeded the limit on the combined depth of expressions and recursion
   │  
   = Call stack:
     1: ?
             at src/main.nr:5:18
     2: main
             at src/main.nr:9:16
     3: func_1
             at src/main.nr:44:15
     4: func_1
             at src/main.nr:44:15
     5: func_1
             at src/main.nr:44:15
     6: func_1
             at src/main.nr:44:15
     7: func_1
             at src/main.nr:44:15
     8: func_1
             at src/main.nr:44:15
     9: func_1
             at src/main.nr:44:15
     10: func_1
             at src/main.nr:44:15
     11: func_1
             at src/main.nr:44:15
     12: func_1
             at src/main.nr:44:15
     13: func_1
             at src/main.nr:44:15
     14: func_1
             at src/main.nr:44:15
     15: func_1
             at src/main.nr:44:15
     16: func_1
             at src/main.nr:44:15
     17: func_1
             at src/main.nr:44:15
     18: func_1
             at src/main.nr:44:15
     19: func_1
             at src/main.nr:44:15
     20: func_1
             at src/main.nr:44:15
     21: func_1
             at src/main.nr:44:15
     22: func_1
             at src/main.nr:44:15
     23: func_1
             at src/main.nr:44:15
     24: func_1
             at src/main.nr:44:15
     25: func_1
             at src/main.nr:44:15
     26: func_1
             at src/main.nr:44:15
     27: func_1
             at src/main.nr:44:15
     28: func_1
             at src/main.nr:44:15
     29: func_1
             at src/main.nr:44:15
     30: func_1
             at src/main.nr:44:15
     31: func_1
             at src/main.nr:44:15
     32: func_1
             at src/main.nr:44:15
     33: func_1
             at src/main.nr:44:15
     34: func_1
             at src/main.nr:44:15
     35: func_1
             at src/main.nr:44:15
     36: func_1
             at src/main.nr:44:15
     37: func_1
             at src/main.nr:44:15
     38: func_1
             at src/main.nr:44:15
     39: func_1
             at src/main.nr:44:15
     40: func_1
             at src/main.nr:44:15
     41: func_1
             at src/main.nr:44:15
     42: func_1
             at src/main.nr:44:15
     43: func_1
             at src/main.nr:44:15
     44: func_1
             at src/main.nr:44:15
     45: func_1
             at src/main.nr:44:15
     46: func_1
             at src/main.nr:44:15
     47: func_1
             at src/main.nr:44:15
     48: func_1
             at src/main.nr:44:15
     49: func_1
             at src/main.nr:44:15
     50: func_1
             at src/main.nr:44:15
     51: func_1
             at src/main.nr:44:15
     52: func_1
             at src/main.nr:44:15
     53: func_1
             at src/main.nr:44:15
     54: func_1
             at src/main.nr:44:15
     55: func_1
             at src/main.nr:44:15
     56: func_1
             at src/main.nr:44:15
     57: func_1
             at src/main.nr:44:15
     58: func_1
             at src/main.nr:44:15
     59: func_1
             at src/main.nr:44:15
     60: func_1
             at src/main.nr:44:15
     61: func_1
             at src/main.nr:44:15
     62: func_1
             at src/main.nr:44:15
     63: func_1
             at src/main.nr:44:15
     64: func_1
             at src/main.nr:44:15
     65: func_1
             at src/main.nr:44:15
     66: func_1
             at src/main.nr:44:15
     67: func_1
             at src/main.nr:44:15
     68: func_1
             at src/main.nr:44:15
     69: func_1
             at src/main.nr:44:15
     70: func_1
             at src/main.nr:44:15
     71: func_1
             at src/main.nr:44:15
     72: func_1
             at src/main.nr:44:15
     73: func_1
             at src/main.nr:44:15
     74: func_1
             at src/main.nr:44:15
     75: func_1
             at src/main.nr:44:15

Error interpreting main function
