---
source: tooling/nargo_cli/tests/execute.rs
expression: expanded_code
---
fn main() {
    { Foo::static() };
    let _: Field = Field::from_be_bytes([1_u8]);
    let _: () = <()>::method();
    let _: [i32; 3] = <[i32; 3]>::method();
}

pub struct Foo {}

impl Foo {
    fn static() {}
}

trait Trait {
    fn method() -> Self;
}

impl Trait for () {
    fn method() {
        ()
    }
}

impl Trait for [i32; 3] {
    fn method() -> Self {
        [1_i32, 2_i32, 3_i32]
    }
}
