---
source: tooling/nargo_cli/tests/execute.rs
expression: expanded_code
---
fn main(b: bool) -> pub (u32, u32) {
    // Safety: comment added by `nargo expand`
    unsafe {
        func_2(if { b } { &[10_u32] } else { &[20_u32, 30_u32] })
    }
}

unconstrained fn func_2(xs: [u32]) -> (u32, u32) {
    let xsx: [u32] = xs.push_back(xs[0_u32]);
    println(xsx);
    let (xs, x): ([u32], u32) = xs.pop_back();
    println((xs, x));
    (xsx[1_u32], x)
}
