---
source: tooling/nargo_cli/tests/execute.rs
expression: artifact
---
{
  "noir_version": "[noir_version]",
  "hash": "[hash]",
  "abi": {
    "parameters": [],
    "return_type": null,
    "error_types": {}
  },
  "bytecode": [
    "func 0",
    "current witness index : _0",
    "private parameters indices : []",
    "public parameters indices : []",
    "return value indices : []"
  ],
  "debug_symbols": "pZXbasMwDED/xc95sFxf+ytjFDd1i8E4wU0Ko/Tf54bI6QaDoT45tnKOBFHkOzuF43w5xHwermz/cWfHElOKl0Maej/FIdfT+6NjuD1MJYR6xF7ilRp9CXli+zyn1LGbT/Py0nX0eVknX2qUdyzkU12r8BxTeD49uo3mf6NSICylaLj6P28b7xyB1yBWXsOOwiuFvNIU3jjkLafwDlbecEngDTfIg6LwYJHfwXv5SbwVyFthKbzUyEtD4Q32n7Wk+nXLbyn9bx3yjlPyO4H96ySl/4FrbADghvIFADj+ggAgaAbYDI5kkLIZpCIZ7GZwtBraKKkyyiwA0YYpCAkkg9o1A6kfQeitBkurwarN8HOmftad72P5fYvdfIn+mMK6Pc+5f4lOXyNG8BYcy9CH01zC07TEqvsb",
  "file_map": {},
  "names": [
    "main"
  ],
  "brillig_names": []
}
