---
source: tooling/nargo_cli/tests/execute.rs
expression: expanded_code
---
trait Default2 {
    fn default2() -> Self;
}

impl Default2 for Field {
    fn default2() -> Self {
        0_Field
    }
}

struct Foo<T> {
    inner: T,
}

impl<T> Foo<T> {
    fn generic_method<U>(self) -> U
    where
        U: Default2,
    {
        U::default2()
    }
}

fn main() {
    let foo: Foo<Field> = Foo::<Field> { inner: 1_Field };
    let _: Field = foo.generic_method::<Field>();
}
