---
source: tooling/nargo_cli/tests/execute.rs
expression: artifact
---
{
  "noir_version": "[noir_version]",
  "hash": "[hash]",
  "abi": {
    "parameters": [
      {
        "name": "a",
        "type": {
          "kind": "boolean"
        },
        "visibility": "private"
      },
      {
        "name": "b",
        "type": {
          "kind": "array",
          "length": 3,
          "type": {
            "kind": "array",
            "length": 2,
            "type": {
              "kind": "boolean"
            }
          }
        },
        "visibility": "private"
      }
    ],
    "return_type": {
      "abi_type": {
        "kind": "array",
        "length": 2,
        "type": {
          "kind": "boolean"
        }
      },
      "visibility": "public"
    },
    "error_types": {
      "12049594436772143978": {
        "error_kind": "string",
        "string": "array ref-count underflow detected"
      },
      "17843811134343075018": {
        "error_kind": "string",
        "string": "Stack too deep"
      }
    }
  },
  "bytecode": "H4sIAAAAAAAA/+1ZTW+bQBBd8IKNE8tW+0cw4OKjD83nJVJvbU/YrqWeeuiph6ocWqk/O15lBz+GJYlkJhGRV7J2Yd/Ox5uZBdaeemij/c+zY217XzUbYVa2j49r8w5lxca2UNher0N7pWz0e2DjoAc26h7YGPTAxlB1W+NkI+1PQ/Wwf1UXioFMsplgGrJwg3AKAAL+2z5ieM/KXHVEUMT0dil/GWfbSNVbx/anEcgUkJ+TfC0jP6ac+VjW5Sumd8BwfA1iLgBz0YK5BMxlC+YKMFctmGvAXLdgbgBz04K5Bcwtw0zs2DtAKt8pPhL1sc/fhXD804mqxxz9Jt2BjO7MY/owHjhH+sdKtNbmHtNH9nB+fMbPUMaemOSPhOSTv5HDX8znIfP3TMaehHJxDPbwXDyX0Z0+NxdJ/5jZKpWL56oZG+SH4jQhTHmwJ2Jzumz6QXMBzFF8Td7dgX84h/bg/kC5OlPNXCG7hesmEa6b+aluqnaqG5jred1kwnWTnOqmaqe6gTnpuqE483d00vkFxl+Zft+hH2PG3wUl3k333wFr4e+AxBVPHmtd1nXjHMZTA593jB+h76S18Hd48l615xDlw7BUVRswPpEj4myEeDYXwZwu63rG9lqDHpRFdgQM/9leT20fwhpaP3PoD5n+mt2Oe8gRlzVw3CO8OZ/6ZMdn9mdy6A+tUaI1UO2BeE7mej6R/qlq7kchm8N1wcv4EXM/NPiBOn3gH/Gcg4Dd+2Z7E5t/sKZtv8R7NJ45uPOZPsqfn7Y3+r/b8ZRhXPwKnVlW/BKXWrnzxAOfOfc0Rn/p3g/bu/jFZ89jzyMXv4TjZz6IMxz/tuO3zPEv2782x/xsEdeY/Y/eqXRZn1/Z+/ERLV8e/lSg50+g6mddiukPGP6vvcb3UuqP+RNplxfzXVrsikWx3Wab4h2Tb5oPPHWtv8jT5SbJNvl6kRbphyf13wOf+U+CTR4AAA==",
  "debug_symbols": "ldTNqoQgAAXgd3Hdwp9M7VUul8HKBkEsrC5concfjWCGmdmcjXjED0Hl7GRw3Xa/+ThOC2l/dhKm3q5+ijntR0W65EPw99vrMqFlMPzcv8w2lrisNq2kZYZVxMWhzGT2ow+OtJIevxUxAhY1LCQsGlgoWGhYGFQwSnHCcMJx8vVNRK0uIiT7IA1OFE40TgxMGMUJwwnHydd34aa+CDf6gzQ4UTjRODEw4RQnDCccI0dOfzZ52wV3dfC4xf6lktf/2b2185ym3g1bcqWnnxVd+laZSpvz5+bAuKqY4OeFlShEjjKfmc99AA==",
  "file_map": {
    "50": {
      "source": "// Regression taken from issue #7961 (https://github.com/noir-lang/noir/issues/7961)\nfn main(a: bool, b: [[bool; 2]; 3]) -> pub [bool; 2] {\n    // let z = !!a;\n    // println(z);\n    let x = b[0];\n    if (!!a) {\n        if (!!a) {\n            b[0]\n            // x\n        } else {\n            b[0]\n            // x\n        }\n    } else {\n        b[0]\n        // x\n    }\n}",
      "path": ""
    }
  },
  "names": [
    "main"
  ],
  "brillig_names": [
    "main"
  ]
}
