---
source: tooling/nargo_cli/tests/execute.rs
expression: artifact
---
{
  "noir_version": "[noir_version]",
  "hash": "[hash]",
  "abi": {
    "parameters": [
      {
        "name": "a",
        "type": {
          "kind": "integer",
          "sign": "unsigned",
          "width": 32
        },
        "visibility": "private"
      },
      {
        "name": "c",
        "type": {
          "kind": "array",
          "length": 4,
          "type": {
            "kind": "integer",
            "sign": "unsigned",
            "width": 32
          }
        },
        "visibility": "private"
      }
    ],
    "return_type": null,
    "error_types": {}
  },
  "bytecode": "H4sIAAAAAAAA/92XUY6DIBCGB6lV69uufd8jgECFt15lzdr7H2FLFpLJLG8OSe2fmCGD+f0GGaIC/jQ+r480Fs9Lphj1RXKikGsKOVnInVIOS6Z4T1Htk8ZeRt2s3ZZ500Z/qzms3inr1pvXXjvvfmZvzOatX8IaFhW0NZt+uGAeyUwwerV8NaoTeldUgnk9Obkx77km8LmCb8e4GWrV3aEFZvJVUHFzdXDMpgDgPWSy+prA0bwhvnvhe0bGAV67waLHUPDdyzrAMZqVk/MdmvVSEziaczfrhZFxhNdv1hH4m3WEYzQrJ2f+dI9qCXPcoxLNl5RrG0i8onkJvAdV1FTHX3WFGq9oPJE6GzR3Z2LIfvn3qYX/ashcvrcnfIKfT1MWWXhW1meKE8rl9fwFatNr0qMOAAA=",
  "debug_symbols": "pZTRqsMgDIbfJde9UDur7ascDsW2dghii2sPHErffalTtl0MRr3JryZfCCFxg0F367U1bpxu0Pxs0Hljrbm2durVYiaHr9teQLq2i9can+DFj9SsvHYLNG61toA/ZdcQdJuVC7ooj15SgHYDKiYcjdXHaS+eNPmMiiqy8gnz72maQ9cy0pSwPFycwCmrE1+Wp/hLHs9T8yjneXx1pvtUssTL6gwvRBbPSOofIzKPp+/9/8Wb6o1/2zXgGFhAFawIVgZbQ4OJKIEGV4HSh7CHlDjZKJdjxlB51CqqOKZgP0r0RnVWx50eV9e/rPjyPydP+gRmP/V6WL0+Sgw+LPoO",
  "file_map": {
    "50": {
      "source": "fn main(a: u32, mut c: [u32; 4]) {\n    //Issue reported in #421\n    if a == c[0] {\n        assert(c[0] == 0);\n    } else if a == c[1] {\n        assert(c[1] == 0);\n    } else if a == c[2] {\n        assert(c[2] == 0);\n    }\n}\n",
      "path": ""
    }
  },
  "names": [
    "main"
  ],
  "brillig_names": [
    "directive_invert"
  ]
}
